0 verbose cli /usr/bin/node /usr/bin/npm
1 info using npm@10.2.5
2 info using node@v20.15.1
3 timing npm:load:whichnode Completed in 2ms
4 timing config:load:defaults Completed in 3ms
5 timing config:load:file:/usr/lib/node_modules/npm/npmrc Completed in 18ms
6 timing config:load:builtin Completed in 18ms
7 timing config:load:cli Completed in 9ms
8 timing config:load:env Completed in 0ms
9 timing config:load:file:/usr/src/app/.npmrc Completed in 1ms
10 timing config:load:project Completed in 9ms
11 timing config:load:file:/root/.npmrc Completed in 1ms
12 timing config:load:user Completed in 1ms
13 timing config:load:file:/etc/npmrc Completed in 0ms
14 timing config:load:global Completed in 1ms
15 timing config:load:setEnvs Completed in 1ms
16 timing config:load Completed in 43ms
17 timing npm:load:configload Completed in 45ms
18 timing config:load:flatten Completed in 5ms
19 timing npm:load:mkdirpcache Completed in 0ms
20 timing npm:load:mkdirplogs Completed in 0ms
21 verbose title npm install puppeteer-extra puppeteer-extra-plugin-stealth
22 verbose argv "install" "puppeteer-extra" "puppeteer-extra-plugin-stealth" "--no-save" "--loglevel" "silent" "--cache" "/screenshots/.npm"
23 timing npm:load:setTitle Completed in 2ms
24 timing npm:load:display Completed in 1ms
25 verbose logfile logs-max:10 dir:/screenshots/.npm/_logs/2026-09-11T15_26_59_845Z-
26 verbose logfile /screenshots/.npm/_logs/2026-09-11T15_26_59_845Z-debug-0.log
27 timing npm:load:logFile Completed in 17ms
28 timing npm:load:timers Completed in 0ms
29 timing npm:load:configScope Completed in 1ms
30 timing npm:load Completed in 102ms
31 timing arborist:ctor Completed in 2ms
32 silly logfile done cleaning log files
33 timing idealTree:init Completed in 170ms
34 timing idealTree:userRequests Completed in 9ms
35 silly idealTree buildDeps
36 silly fetch manifest puppeteer-extra@*
37 timing arborist:ctor Completed in 0ms
38 http fetch GET 200 https://registry.npmjs.org/puppeteer-extra 119ms (cache hit)
39 silly fetch manifest @types/puppeteer@*
40 http fetch GET 200 https://registry.npmjs.org/@types%2fpuppeteer 7ms (cache hit)
41 silly fetch manifest puppeteer@^22.9.0
42 http fetch GET 200 https://registry.npmjs.org/puppeteer 14ms (cache hit)
43 silly fetch manifest puppeteer-core@*
44 http fetch GET 200 https://registry.npmjs.org/puppeteer-core 10ms (cache hit)
45 silly fetch manifest puppeteer-extra-plugin-stealth@*
46 http fetch GET 200 https://registry.npmjs.org/puppeteer-extra-plugin-stealth 7ms (cache hit)
47 silly fetch manifest playwright-extra@*
48 http fetch GET 200 https://registry.npmjs.org/playwright-extra 7ms (cache hit)
49 silly fetch manifest playwright@*
50 http fetch GET 200 https://registry.npmjs.org/playwright 42ms (cache hit)
51 silly fetch manifest playwright-core@*
52 http fetch GET 200 https://registry.npmjs.org/playwright-core 53ms (cache hit)
53 silly placeDep ROOT puppeteer-extra@3.3.6 OK for: zenika-alpinechrome-withpuppeteer@1.0.0 want: *
54 silly fetch manifest @types/debug@^4.1.0
55 silly fetch manifest deepmerge@^4.2.2
56 silly placeDep ROOT puppeteer-extra-plugin-stealth@2.11.2 OK for: zenika-alpinechrome-withpuppeteer@1.0.0 want: *
57 silly fetch manifest puppeteer-extra-plugin@^3.2.3
58 silly fetch manifest puppeteer-extra-plugin-user-preferences@^2.4.1
59 http fetch GET 200 https://registry.npmjs.org/@types%2fdebug 19ms (cache hit)
60 http fetch GET 200 https://registry.npmjs.org/deepmerge 20ms (cache hit)
61 http fetch GET 200 https://registry.npmjs.org/puppeteer-extra-plugin 18ms (cache hit)
62 http fetch GET 200 https://registry.npmjs.org/puppeteer-extra-plugin-user-preferences 20ms (cache hit)
63 timing idealTree:#root Completed in 592ms
64 silly placeDep ROOT @types/debug@4.1.13 OK for: puppeteer-extra@3.3.6 want: ^4.1.0
65 silly fetch manifest @types/ms@*
66 silly placeDep ROOT deepmerge@4.3.1 OK for: puppeteer-extra@3.3.6 want: ^4.2.2
67 http fetch GET 200 https://registry.npmjs.org/@types%2fms 10ms (cache hit)
68 timing idealTree:node_modules/puppeteer-extra Completed in 16ms
69 silly placeDep ROOT @types/ms@2.1.0 OK for: @types/debug@4.1.13 want: *
70 timing idealTree:node_modules/@types/debug Completed in 4ms
71 timing idealTree:node_modules/@types/ms Completed in 0ms
72 timing idealTree:node_modules/deepmerge Completed in 0ms
73 silly fetch manifest puppeteer@*
74 silly placeDep ROOT puppeteer-extra-plugin@3.2.3 OK for: puppeteer-extra-plugin-stealth@2.11.2 want: ^3.2.3
75 silly fetch manifest merge-deep@^3.0.1
76 silly placeDep ROOT puppeteer-extra-plugin-user-preferences@2.4.1 OK for: puppeteer-extra-plugin-stealth@2.11.2 want: ^2.4.1
77 silly fetch manifest puppeteer-extra-plugin-user-data-dir@^2.4.1
78 http fetch GET 200 https://registry.npmjs.org/merge-deep 35ms (cache hit)
79 http fetch GET 200 https://registry.npmjs.org/puppeteer-extra-plugin-user-data-dir 30ms (cache hit)
80 timing idealTree:node_modules/puppeteer-extra-plugin-stealth Completed in 53ms
81 silly placeDep ROOT merge-deep@3.0.3 OK for: puppeteer-extra-plugin@3.2.3 want: ^3.0.1
82 silly fetch manifest arr-union@^3.1.0
83 silly fetch manifest clone-deep@^0.2.4
84 silly fetch manifest kind-of@^3.0.2
85 http fetch GET 200 https://registry.npmjs.org/arr-union 11ms (cache hit)
86 http fetch GET 200 https://registry.npmjs.org/clone-deep 11ms (cache hit)
87 http fetch GET 200 https://registry.npmjs.org/kind-of 11ms (cache hit)
88 timing idealTree:node_modules/puppeteer-extra-plugin Completed in 19ms
89 silly placeDep ROOT arr-union@3.1.0 OK for: merge-deep@3.0.3 want: ^3.1.0
90 silly placeDep ROOT clone-deep@0.2.4 OK for: merge-deep@3.0.3 want: ^0.2.4
91 silly fetch manifest for-own@^0.1.3
92 silly fetch manifest is-plain-object@^2.0.1
93 silly fetch manifest lazy-cache@^1.0.3
94 silly fetch manifest shallow-clone@^0.1.2
95 silly placeDep ROOT kind-of@3.2.2 OK for: merge-deep@3.0.3 want: ^3.0.2
96 silly fetch manifest is-buffer@^1.1.5
97 http fetch GET 200 https://registry.npmjs.org/is-plain-object 42ms (cache hit)
98 http fetch GET 200 https://registry.npmjs.org/for-own 45ms (cache hit)
99 http fetch GET 200 https://registry.npmjs.org/shallow-clone 43ms (cache hit)
100 http fetch GET 200 https://registry.npmjs.org/lazy-cache 45ms (cache hit)
101 http fetch GET 200 https://registry.npmjs.org/is-buffer 39ms (cache hit)
102 timing idealTree:node_modules/merge-deep Completed in 56ms
103 timing idealTree:node_modules/arr-union Completed in 0ms
104 silly placeDep ROOT for-own@0.1.5 OK for: clone-deep@0.2.4 want: ^0.1.3
105 silly fetch manifest for-in@^1.0.1
106 silly placeDep ROOT is-plain-object@2.0.4 OK for: clone-deep@0.2.4 want: ^2.0.1
107 silly fetch manifest isobject@^3.0.1
108 silly placeDep ROOT lazy-cache@1.0.4 OK for: clone-deep@0.2.4 want: ^1.0.3
109 silly placeDep ROOT shallow-clone@0.1.2 OK for: clone-deep@0.2.4 want: ^0.1.2
110 silly fetch manifest is-extendable@^0.1.1
111 silly fetch manifest kind-of@^2.0.1
112 silly fetch manifest lazy-cache@^0.2.3
113 silly fetch manifest mixin-object@^2.0.1
114 http fetch GET 200 https://registry.npmjs.org/for-in 32ms (cache hit)
115 http fetch GET 200 https://registry.npmjs.org/isobject 29ms (cache hit)
116 http fetch GET 200 https://registry.npmjs.org/mixin-object 20ms (cache hit)
117 http fetch GET 200 https://registry.npmjs.org/is-extendable 24ms (cache hit)
118 timing idealTree:node_modules/clone-deep Completed in 47ms
119 silly placeDep ROOT for-in@1.0.2 OK for: for-own@0.1.5 want: ^1.0.1
120 timing idealTree:node_modules/for-own Completed in 2ms
121 timing idealTree:node_modules/for-in Completed in 0ms
122 silly placeDep ROOT isobject@3.0.1 OK for: is-plain-object@2.0.4 want: ^3.0.1
123 timing idealTree:node_modules/is-plain-object Completed in 2ms
124 timing idealTree:node_modules/isobject Completed in 0ms
125 silly placeDep ROOT is-buffer@1.1.6 OK for: kind-of@3.2.2 want: ^1.1.5
126 timing idealTree:node_modules/kind-of Completed in 2ms
127 timing idealTree:node_modules/is-buffer Completed in 0ms
128 timing idealTree:node_modules/lazy-cache Completed in 0ms
129 silly placeDep ROOT puppeteer-extra-plugin-user-data-dir@2.4.1 OK for: puppeteer-extra-plugin-user-preferences@2.4.1 want: ^2.4.1
130 silly fetch manifest fs-extra@^10.0.0
131 silly fetch manifest rimraf@^3.0.2
132 http fetch GET 200 https://registry.npmjs.org/fs-extra 9ms (cache hit)
133 http fetch GET 200 https://registry.npmjs.org/rimraf 13ms (cache hit)
134 timing idealTree:node_modules/puppeteer-extra-plugin-user-preferences Completed in 34ms
135 silly placeDep node_modules/puppeteer-extra-plugin-user-data-dir fs-extra@10.1.0 OK for: puppeteer-extra-plugin-user-data-dir@2.4.1 want: ^10.0.0
136 silly placeDep ROOT rimraf@3.0.2 OK for: puppeteer-extra-plugin-user-data-dir@2.4.1 want: ^3.0.2
137 silly fetch manifest glob@^7.1.3
138 http fetch GET 200 https://registry.npmjs.org/glob 6ms (cache hit)
139 timing idealTree:node_modules/puppeteer-extra-plugin-user-data-dir Completed in 24ms
140 silly placeDep ROOT glob@7.2.3 OK for: rimraf@3.0.2 want: ^7.1.3
141 silly fetch manifest inflight@^1.0.4
142 silly fetch manifest inherits@2
143 silly fetch manifest minimatch@^3.1.1
144 silly fetch manifest fs.realpath@^1.0.0
145 silly fetch manifest path-is-absolute@^1.0.0
146 http fetch GET 200 https://registry.npmjs.org/inherits 31ms (cache hit)
147 http fetch GET 200 https://registry.npmjs.org/inflight 34ms (cache hit)
148 http fetch GET 200 https://registry.npmjs.org/minimatch 31ms (cache hit)
149 http fetch GET 200 https://registry.npmjs.org/fs.realpath 36ms (cache hit)
150 http fetch GET 200 https://registry.npmjs.org/path-is-absolute 35ms (cache hit)
151 timing idealTree:node_modules/rimraf Completed in 50ms
152 silly placeDep ROOT fs.realpath@1.0.0 OK for: glob@7.2.3 want: ^1.0.0
153 silly placeDep ROOT inflight@1.0.6 OK for: glob@7.2.3 want: ^1.0.4
154 silly placeDep ROOT inherits@2.0.4 OK for: glob@7.2.3 want: 2
155 silly placeDep ROOT minimatch@3.1.5 OK for: glob@7.2.3 want: ^3.1.1
156 silly fetch manifest brace-expansion@^1.1.7
157 silly placeDep ROOT path-is-absolute@1.0.1 OK for: glob@7.2.3 want: ^1.0.0
158 http fetch GET 200 https://registry.npmjs.org/brace-expansion 9ms (cache hit)
159 timing idealTree:node_modules/glob Completed in 28ms
160 timing idealTree:node_modules/fs.realpath Completed in 0ms
161 timing idealTree:node_modules/inflight Completed in 0ms
162 timing idealTree:node_modules/inherits Completed in 0ms
163 silly placeDep ROOT brace-expansion@1.1.18 OK for: minimatch@3.1.5 want: ^1.1.7
164 silly fetch manifest concat-map@0.0.1
165 silly fetch manifest balanced-match@^1.0.0
166 http fetch GET 200 https://registry.npmjs.org/balanced-match 11ms (cache hit)
167 http fetch GET 200 https://registry.npmjs.org/concat-map 14ms (cache hit)
168 timing idealTree:node_modules/minimatch Completed in 20ms
169 silly placeDep ROOT balanced-match@1.0.2 OK for: brace-expansion@1.1.18 want: ^1.0.0
170 silly placeDep ROOT concat-map@0.0.1 OK for: brace-expansion@1.1.18 want: 0.0.1
171 timing idealTree:node_modules/brace-expansion Completed in 5ms
172 timing idealTree:node_modules/balanced-match Completed in 0ms
173 timing idealTree:node_modules/concat-map Completed in 0ms
174 timing idealTree:node_modules/path-is-absolute Completed in 0ms
175 silly placeDep ROOT is-extendable@0.1.1 OK for: shallow-clone@0.1.2 want: ^0.1.1
176 silly placeDep node_modules/shallow-clone kind-of@2.0.1 OK for: shallow-clone@0.1.2 want: ^2.0.1
177 silly placeDep node_modules/shallow-clone lazy-cache@0.2.7 OK for: shallow-clone@0.1.2 want: ^0.2.3
178 silly placeDep ROOT mixin-object@2.0.1 OK for: shallow-clone@0.1.2 want: ^2.0.1
179 silly fetch manifest for-in@^0.1.3
180 timing idealTree:node_modules/shallow-clone Completed in 15ms
181 timing idealTree:node_modules/is-extendable Completed in 0ms
182 silly placeDep node_modules/mixin-object for-in@0.1.8 OK for: mixin-object@2.0.1 want: ^0.1.3
183 timing idealTree:node_modules/mixin-object Completed in 4ms
184 timing idealTree:node_modules/mixin-object/node_modules/for-in Completed in 0ms
185 timing idealTree:node_modules/puppeteer-extra-plugin-user-data-dir/node_modules/fs-extra Completed in 0ms
186 timing idealTree:node_modules/shallow-clone/node_modules/kind-of Completed in 0ms
187 timing idealTree:node_modules/shallow-clone/node_modules/lazy-cache Completed in 0ms
188 timing idealTree:buildDeps Completed in 980ms
189 timing idealTree:fixDepFlags Completed in 5ms
190 timing idealTree Completed in 1173ms
191 timing reify:loadTrees Completed in 1176ms
192 timing reify:diffTrees Completed in 17ms
193 silly reify moves {}
194 timing reify:retireShallow Completed in 3ms
195 timing reify:createSparse Completed in 43ms
196 timing reify:loadBundles Completed in 0ms
197 silly audit bulk request {
197 silly audit   '@babel/code-frame': [ '7.24.2' ],
197 silly audit   '@babel/helper-validator-identifier': [ '7.24.5' ],
197 silly audit   '@babel/highlight': [ '7.24.5' ],
197 silly audit   '@puppeteer/browsers': [ '2.2.3' ],
197 silly audit   '@tootallnate/quickjs-emscripten': [ '0.23.0' ],
197 silly audit   '@types/node': [ '20.12.12' ],
197 silly audit   '@types/yauzl': [ '2.10.3' ],
197 silly audit   'agent-base': [ '7.1.1' ],
197 silly audit   'ansi-regex': [ '5.0.1' ],
197 silly audit   'ansi-styles': [ '3.2.1', '4.3.0' ],
197 silly audit   argparse: [ '2.0.1' ],
197 silly audit   'ast-types': [ '0.13.4' ],
197 silly audit   b4a: [ '1.6.6' ],
197 silly audit   'bare-events': [ '2.2.2' ],
197 silly audit   'bare-fs': [ '2.3.0' ],
197 silly audit   'bare-os': [ '2.3.0' ],
197 silly audit   'bare-path': [ '2.1.3' ],
197 silly audit   'bare-stream': [ '1.0.0' ],
197 silly audit   'base64-js': [ '1.5.1' ],
197 silly audit   'basic-ftp': [ '5.0.5' ],
197 silly audit   buffer: [ '5.7.1' ],
197 silly audit   'buffer-crc32': [ '0.2.13' ],
197 silly audit   callsites: [ '3.1.0' ],
197 silly audit   chalk: [ '2.4.2' ],
197 silly audit   'chromium-bidi': [ '0.5.19' ],
197 silly audit   cliui: [ '8.0.1' ],
197 silly audit   'color-convert': [ '1.9.3', '2.0.1' ],
197 silly audit   'color-name': [ '1.1.3', '1.1.4' ],
197 silly audit   cosmiconfig: [ '9.0.0' ],
197 silly audit   'data-uri-to-buffer': [ '6.0.2' ],
197 silly audit   debug: [ '4.3.4' ],
197 silly audit   degenerator: [ '5.0.1' ],
197 silly audit   'devtools-protocol': [ '0.0.1286932' ],
197 silly audit   'emoji-regex': [ '8.0.0' ],
197 silly audit   'end-of-stream': [ '1.4.4' ],
197 silly audit   'env-paths': [ '2.2.1' ],
197 silly audit   'error-ex': [ '1.3.2' ],
197 silly audit   escalade: [ '3.1.2' ],
197 silly audit   'escape-string-regexp': [ '1.0.5' ],
197 silly audit   escodegen: [ '2.1.0' ],
197 silly audit   esprima: [ '4.0.1' ],
197 silly audit   estraverse: [ '5.3.0' ],
197 silly audit   esutils: [ '2.0.3' ],
197 silly audit   'extract-zip': [ '2.0.1' ],
197 silly audit   'fast-fifo': [ '1.3.2' ],
197 silly audit   'fd-slicer': [ '1.1.0' ],
197 silly audit   'fs-extra': [ '11.2.0', '10.1.0' ],
197 silly audit   'get-caller-file': [ '2.0.5' ],
197 silly audit   'get-stream': [ '5.2.0' ],
197 silly audit   'get-uri': [ '6.0.3' ],
197 silly audit   'graceful-fs': [ '4.2.11' ],
197 silly audit   'has-flag': [ '3.0.0' ],
197 silly audit   'http-proxy-agent': [ '7.0.2' ],
197 silly audit   'https-proxy-agent': [ '7.0.4' ],
197 silly audit   ieee754: [ '1.2.1' ],
197 silly audit   'import-fresh': [ '3.3.0' ],
197 silly audit   'ip-address': [ '9.0.5' ],
197 silly audit   'is-arrayish': [ '0.2.1' ],
197 silly audit   'is-fullwidth-code-point': [ '3.0.0' ],
197 silly audit   'js-tokens': [ '4.0.0' ],
197 silly audit   'js-yaml': [ '4.1.0' ],
197 silly audit   jsbn: [ '1.1.0' ],
197 silly audit   'json-parse-even-better-errors': [ '2.3.1' ],
197 silly audit   jsonfile: [ '6.1.0' ],
197 silly audit   'lines-and-columns': [ '1.2.4' ],
197 silly audit   'lru-cache': [ '7.18.3', '6.0.0' ],
197 silly audit   mitt: [ '3.0.1' ],
197 silly audit   ms: [ '2.1.2' ],
197 silly audit   netmask: [ '2.0.2' ],
197 silly audit   once: [ '1.4.0' ],
197 silly audit   'pac-proxy-agent': [ '7.0.1' ],
197 silly audit   'pac-resolver': [ '7.0.1' ],
197 silly audit   'parent-module': [ '1.0.1' ],
197 silly audit   'parse-json': [ '5.2.0' ],
197 silly audit   pend: [ '1.2.0' ],
197 silly audit   picocolors: [ '1.0.1' ],
197 silly audit   progress: [ '2.0.3' ],
197 silly audit   'proxy-agent': [ '6.4.0' ],
197 silly audit   'proxy-from-env': [ '1.1.0' ],
197 silly audit   pump: [ '3.0.0' ],
197 silly audit   puppeteer: [ '22.9.0' ],
197 silly audit   'puppeteer-core': [ '22.9.0' ],
197 silly audit   'queue-tick': [ '1.0.1' ],
197 silly audit   'require-directory': [ '2.1.1' ],
197 silly audit   'resolve-from': [ '4.0.0' ],
197 silly audit   semver: [ '7.6.0' ],
197 silly audit   'smart-buffer': [ '4.2.0' ],
197 silly audit   socks: [ '2.8.3' ],
197 silly audit   'socks-proxy-agent': [ '8.0.3' ],
197 silly audit   'source-map': [ '0.6.1' ],
197 silly audit   'sprintf-js': [ '1.1.3' ],
197 silly audit   streamx: [ '2.16.1' ],
197 silly audit   'string-width': [ '4.2.3' ],
197 silly audit   'strip-ansi': [ '6.0.1' ],
197 silly audit   'supports-color': [ '5.5.0' ],
197 silly audit   'tar-fs': [ '3.0.5' ],
197 silly audit   'tar-stream': [ '3.1.7' ],
197 silly audit   through: [ '2.3.8' ],
197 silly audit   tslib: [ '2.6.2' ],
197 silly audit   'unbzip2-stream': [ '1.4.3' ],
197 silly audit   'undici-types': [ '5.26.5' ],
197 silly audit   universalify: [ '2.0.1' ],
197 silly audit   'urlpattern-polyfill': [ '10.0.0' ],
197 silly audit   'wrap-ansi': [ '7.0.0' ],
197 silly audit   wrappy: [ '1.0.2' ],
197 silly audit   ws: [ '8.17.0' ],
197 silly audit   y18n: [ '5.0.8' ],
197 silly audit   yallist: [ '4.0.0' ],
197 silly audit   yargs: [ '17.7.2' ],
197 silly audit   'yargs-parser': [ '21.1.1' ],
197 silly audit   yauzl: [ '2.10.0' ],
197 silly audit   zod: [ '3.22.4' ],
197 silly audit   'puppeteer-extra': [ '3.3.6' ],
197 silly audit   'puppeteer-extra-plugin-stealth': [ '2.11.2' ],
197 silly audit   '@types/debug': [ '4.1.13' ],
197 silly audit   deepmerge: [ '4.3.1' ],
197 silly audit   '@types/ms': [ '2.1.0' ],
197 silly audit   'puppeteer-extra-plugin': [ '3.2.3' ],
197 silly audit   'puppeteer-extra-plugin-user-preferences': [ '2.4.1' ],
197 silly audit   'merge-deep': [ '3.0.3' ],
197 silly audit   'arr-union': [ '3.1.0' ],
197 silly audit   'clone-deep': [ '0.2.4' ],
197 silly audit   'kind-of': [ '3.2.2', '2.0.1' ],
197 silly audit   'for-own': [ '0.1.5' ],
197 silly audit   'is-plain-object': [ '2.0.4' ],
197 silly audit   'lazy-cache': [ '1.0.4', '0.2.7' ],
197 silly audit   'shallow-clone': [ '0.1.2' ],
197 silly audit   'for-in': [ '1.0.2', '0.1.8' ],
197 silly audit   isobject: [ '3.0.1' ],
197 silly audit   'is-buffer': [ '1.1.6' ],
197 silly audit   'puppeteer-extra-plugin-user-data-dir': [ '2.4.1' ],
197 silly audit   rimraf: [ '3.0.2' ],
197 silly audit   glob: [ '7.2.3' ],
197 silly audit   'fs.realpath': [ '1.0.0' ],
197 silly audit   inflight: [ '1.0.6' ],
197 silly audit   inherits: [ '2.0.4' ],
197 silly audit   minimatch: [ '3.1.5' ],
197 silly audit   'path-is-absolute': [ '1.0.1' ],
197 silly audit   'brace-expansion': [ '1.1.18' ],
197 silly audit   'balanced-match': [ '1.0.2' ],
197 silly audit   'concat-map': [ '0.0.1' ],
197 silly audit   'is-extendable': [ '0.1.1' ],
197 silly audit   'mixin-object': [ '2.0.1' ]
197 silly audit }
198 timing reifyNode:node_modules/mixin-object Completed in 290ms
199 timing reifyNode:node_modules/is-extendable Completed in 291ms
200 timing reifyNode:node_modules/brace-expansion Completed in 291ms
201 timing reifyNode:node_modules/path-is-absolute Completed in 291ms
202 warn deprecated inflight@1.0.6: This module is not supported, and leaks memory. Do not use it. Check out lru-cache if you want a good and tested way to coalesce async requests by a key value, which is much more comprehensive and powerful.
203 timing reifyNode:node_modules/inflight Completed in 292ms
204 timing reifyNode:node_modules/puppeteer-extra-plugin-user-data-dir Completed in 292ms
205 timing reifyNode:node_modules/for-in Completed in 292ms
206 timing reifyNode:node_modules/lazy-cache Completed in 291ms
207 timing reifyNode:node_modules/kind-of Completed in 292ms
208 timing reifyNode:node_modules/arr-union Completed in 292ms
209 timing reifyNode:node_modules/merge-deep Completed in 292ms
210 timing reifyNode:node_modules/puppeteer-extra-plugin-user-preferences Completed in 293ms
211 timing reifyNode:node_modules/@types/ms Completed in 292ms
212 timing reifyNode:node_modules/@types/debug Completed in 292ms
213 timing reifyNode:node_modules/mixin-object/node_modules/for-in Completed in 297ms
214 timing reifyNode:node_modules/shallow-clone/node_modules/lazy-cache Completed in 294ms
215 timing reifyNode:node_modules/shallow-clone/node_modules/kind-of Completed in 294ms
216 timing reifyNode:node_modules/for-own Completed in 295ms
217 timing reifyNode:node_modules/inherits Completed in 297ms
218 timing reifyNode:node_modules/isobject Completed in 297ms
219 timing reifyNode:node_modules/shallow-clone Completed in 297ms
220 timing reifyNode:node_modules/is-plain-object Completed in 296ms
221 timing reifyNode:node_modules/clone-deep Completed in 296ms
222 timing reifyNode:node_modules/balanced-match Completed in 300ms
223 timing reifyNode:node_modules/fs.realpath Completed in 299ms
224 timing reifyNode:node_modules/is-buffer Completed in 299ms
225 timing reifyNode:node_modules/minimatch Completed in 301ms
226 warn deprecated rimraf@3.0.2: Rimraf versions prior to v4 are no longer supported
227 timing reifyNode:node_modules/rimraf Completed in 301ms
228 timing reifyNode:node_modules/concat-map Completed in 304ms
229 warn deprecated glob@7.2.3: Old versions of glob are not supported, and contain widely publicized security vulnerabilities, which have been fixed in the current version. Please update. Support for old versions may be purchased (at exorbitant rates) by contacting i@izs.me
230 timing reifyNode:node_modules/glob Completed in 304ms
231 timing reifyNode:node_modules/deepmerge Completed in 306ms
232 timing reifyNode:node_modules/puppeteer-extra Completed in 312ms
233 timing reifyNode:node_modules/puppeteer-extra-plugin Completed in 313ms
234 timing reifyNode:node_modules/puppeteer-extra-plugin-user-data-dir/node_modules/fs-extra Completed in 327ms
235 timing reifyNode:node_modules/puppeteer-extra-plugin-stealth Completed in 367ms
236 timing reify:unpack Completed in 372ms
237 timing reify:unretire Completed in 1ms
238 timing build:queue Completed in 4ms
239 timing build:link:node_modules/rimraf Completed in 7ms
240 timing build:link Completed in 7ms
241 timing build:deps Completed in 12ms
242 timing build Completed in 12ms
243 timing reify:build Completed in 14ms
244 timing reify:trash Completed in 0ms
245 http fetch POST 200 https://registry.npmjs.org/-/npm/v1/security/advisories/bulk 506ms
246 timing auditReport:getReport Completed in 518ms
247 silly audit report {
247 silly audit report   'basic-ftp': [
247 silly audit report     {
247 silly audit report       id: 1118825,
247 silly audit report       url: 'https://github.com/advisories/GHSA-rpmf-866q-6p89',
247 silly audit report       title: 'basic-ftp allows a malicious FTP server to cause client-side denial of service via unbounded multiline control response buffering',
247 silly audit report       severity: 'high',
247 silly audit report       vulnerable_versions: '<=5.3.0',
247 silly audit report       cwe: [Array],
247 silly audit report       cvss: [Object]
247 silly audit report     },
247 silly audit report     {
247 silly audit report       id: 1113518,
247 silly audit report       url: 'https://github.com/advisories/GHSA-5rq4-664w-9x2c',
247 silly audit report       title: 'Basic FTP has Path Traversal Vulnerability in its downloadToDir() method',
247 silly audit report       severity: 'critical',
247 silly audit report       vulnerable_versions: '<5.2.0',
247 silly audit report       cwe: [Array],
247 silly audit report       cvss: [Object]
247 silly audit report     },
247 silly audit report     {
247 silly audit report       id: 1116454,
247 silly audit report       url: 'https://github.com/advisories/GHSA-6v7q-wjvx-w8wg',
247 silly audit report       title: 'basic-ftp: Incomplete CRLF Injection Protection Allows Arbitrary FTP Command Execution via Credentials and MKD Commands',
247 silly audit report       severity: 'high',
247 silly audit report       vulnerable_versions: '<=5.2.1',
247 silly audit report       cwe: [Array],
247 silly audit report       cvss: [Object]
247 silly audit report     },
247 silly audit report     {
247 silly audit report       id: 1117083,
247 silly audit report       url: 'https://github.com/advisories/GHSA-rp42-5vxx-qpwr',
247 silly audit report       title: 'basic-ftp vulnerable to denial of service via unbounded memory consumption in Client.list()',
247 silly audit report       severity: 'high',
247 silly audit report       vulnerable_versions: '<=5.2.2',
247 silly audit report       cwe: [Array],
247 silly audit report       cvss: [Object]
247 silly audit report     }
247 silly audit report   ],
247 silly audit report   'extract-zip': [
247 silly audit report     {
247 silly audit report       id: 1139346,
247 silly audit report       url: 'https://github.com/advisories/GHSA-jmr9-qjv8-65gv',
247 silly audit report       title: 'extract-zip unvalidated symlink path traversal',
247 silly audit report       severity: 'high',
247 silly audit report       vulnerable_versions: '<=2.0.1',
247 silly audit report       cwe: [Array],
247 silly audit report       cvss: [Object]
247 silly audit report     },
247 silly audit report     {
247 silly audit report       id: 1193685,
247 silly audit report       url: 'https://github.com/advisories/GHSA-7pqw-9j4j-h8q3',
247 silly audit report       title: 'extract-zip allows arbitrary file writes through symlink archive entries',
247 silly audit report       severity: 'high',
247 silly audit report       vulnerable_versions: '<=2.0.1',
247 silly audit report       cwe: [Array],
247 silly audit report       cvss: [Object]
247 silly audit report     }
247 silly audit report   ],
247 silly audit report   'ip-address': [
247 silly audit report     {
247 silly audit report       id: 1118827,
247 silly audit report       url: 'https://github.com/advisories/GHSA-v2v4-37r5-5v8g',
247 silly audit report       title: 'ip-address has XSS in Address6 HTML-emitting methods',
247 silly audit report       severity: 'moderate',
247 silly audit report       vulnerable_versions: '<=10.1.0',
247 silly audit report       cwe: [Array],
247 silly audit report       cvss: [Object]
247 silly audit report     },
247 silly audit report     {
247 silly audit report       id: 1130722,
247 silly audit report       url: 'https://github.com/advisories/GHSA-mwp4-54f8-5fhr',
247 silly audit report       title: 'ip-address: Address4 decodes leading-zero octets as decimal while resolvers decode them as octal, allowing SSRF and trust-boundary bypass',
247 silly audit report       severity: 'high',
247 silly audit report       vulnerable_versions: '<=10.3.0',
247 silly audit report       cwe: [Array],
247 silly audit report       cvss: [Object]
247 silly audit report     }
247 silly audit report   ],
247 silly audit report   'js-yaml': [
247 silly audit report     {
247 silly audit report       id: 1112715,
247 silly audit report       url: 'https://github.com/advisories/GHSA-mh29-5h37-fv8m',
247 silly audit report       title: 'js-yaml has prototype pollution in merge (<<)',
247 silly audit report       severity: 'moderate',
247 silly audit report       vulnerable_versions: '>=4.0.0 <4.1.1',
247 silly audit report       cwe: [Array],
247 silly audit report       cvss: [Object]
247 silly audit report     },
247 silly audit report     {
247 silly audit report       id: 1121860,
247 silly audit report       url: 'https://github.com/advisories/GHSA-h67p-54hq-rp68',
247 silly audit report       title: 'JS-YAML: Quadratic-complexity DoS in merge key handling via repeated aliases',
247 silly audit report       severity: 'moderate',
247 silly audit report       vulnerable_versions: '>=4.0.0 <=4.1.1',
247 silly audit report       cwe: [Array],
247 silly audit report       cvss: [Object]
247 silly audit report     },
247 silly audit report     {
247 silly audit report       id: 1123911,
247 silly audit report       url: 'https://github.com/advisories/GHSA-52cp-r559-cp3m',
247 silly audit report       title: 'js-yaml: YAML merge-key chains can force quadratic CPU consumption',
247 silly audit report       severity: 'high',
247 silly audit report       vulnerable_versions: '>=4.0.0 <4.3.0',
247 silly audit report       cwe: [Array],
247 silly audit report       cvss: [Object]
247 silly audit report     },
247 silly audit report     {
247 silly audit report       id: 1138115,
247 silly audit report       url: 'https://github.com/advisories/GHSA-5p4m-2wfm-xmqj',
247 silly audit report       title: 'JS-YAML: Quadratic CPU consumption in !!omap resolution (3.x and 4.x) — CVE-2026-59870 fix not backported',
247 silly audit report       severity: 'high',
247 silly audit report       vulnerable_versions: '>=4.0.0 <4.3.1',
247 silly audit report       cwe: [Array],
247 silly audit report       cvss: [Object]
247 silly audit report     },
247 silly audit report     {
247 silly audit report       id: 1193727,
247 silly audit report       url: 'https://github.com/advisories/GHSA-2883-xcg3-v3hh',
247 silly audit report       title: 'js-yaml: maxTotalMergeKeys does not limit CPU use for empty merge sources',
247 silly audit report       severity: 'high',
247 silly audit report       vulnerable_versions: '>=4.0.0 <4.3.2',
247 silly audit report       cwe: [Array],
247 silly audit report       cvss: [Object]
247 silly audit report     }
247 silly audit report   ],
247 silly audit report   'tar-fs': [
247 silly audit report     {
247 silly audit report       id: 1109534,
247 silly audit report       url: 'https://github.com/advisories/GHSA-vj76-c3g6-qr5v',
247 silly audit report       title: 'tar-fs has a symlink validation bypass if destination directory is predictable with a specific tarball',
247 silly audit report       severity: 'high',
247 silly audit report       vulnerable_versions: '>=3.0.0 <3.1.1',
247 silly audit report       cwe: [Array],
247 silly audit report       cvss: [Object]
247 silly audit report     },
247 silly audit report     {
247 silly audit report       id: 1109542,
247 silly audit report       url: 'https://github.com/advisories/GHSA-8cj5-5rvv-wf4v',
247 silly audit report       title: 'tar-fs can extract outside the specified dir with a specific tarball',
247 silly audit report       severity: 'high',
247 silly audit report       vulnerable_versions: '>=3.0.0 <3.0.9',
247 silly audit report       cwe: [Array],
247 silly audit report       cvss: [Object]
247 silly audit report     },
247 silly audit report     {
247 silly audit report       id: 1109551,
247 silly audit report       url: 'https://github.com/advisories/GHSA-pq67-2wwv-3xjx',
247 silly audit report       title: 'tar-fs Vulnerable to Link Following and Path Traversal via Extracting a Crafted tar File',
247 silly audit report       severity: 'high',
247 silly audit report       vulnerable_versions: '>=3.0.0 <3.0.7',
247 silly audit report       cwe: [Array],
247 silly audit report       cvss: [Object]
247 silly audit report     }
247 silly audit report   ],
247 silly audit report   ws: [
247 silly audit report     {
247 silly audit report       id: 1118728,
247 silly audit report       url: 'https://github.com/advisories/GHSA-3h5v-q93c-6h6q',
247 silly audit report       title: 'ws affected by a DoS when handling a request with many HTTP headers',
247 silly audit report       severity: 'high',
247 silly audit report       vulnerable_versions: '>=8.0.0 <8.17.1',
247 silly audit report       cwe: [Array],
247 silly audit report       cvss: [Object]
247 silly audit report     },
247 silly audit report     {
247 silly audit report       id: 1119108,
247 silly audit report       url: 'https://github.com/advisories/GHSA-58qx-3vcg-4xpx',
247 silly audit report       title: 'ws: Uninitialized memory disclosure',
247 silly audit report       severity: 'moderate',
247 silly audit report       vulnerable_versions: '>=8.0.0 <8.20.1',
247 silly audit report       cwe: [Array],
247 silly audit report       cvss: [Object]
247 silly audit report     },
247 silly audit report     {
247 silly audit report       id: 1123259,
247 silly audit report       url: 'https://github.com/advisories/GHSA-96hv-2xvq-fx4p',
247 silly audit report       title: 'ws: Memory exhaustion DoS from tiny fragments and data chunks',
247 silly audit report       severity: 'high',
247 silly audit report       vulnerable_versions: '>=8.0.0 <8.21.0',
247 silly audit report       cwe: [Array],
247 silly audit report       cvss: [Object]
247 silly audit report     }
247 silly audit report   ]
247 silly audit report }
248 timing metavuln:cache:get:security-advisory:basic-ftp:1PRVnmGNL8rYZpgZAvyPH2nvFd6p8UYB63Bl4yML0P5I4/BEia9ZT0oQKzvYVTM8w+OmHxe2obrZLSbgAdJHxg== Completed in 32ms
249 timing metavuln:cache:get:security-advisory:basic-ftp:vIIozQq7xzP2tB9AvV8wE7lrwibHkDox71ej09+lcyQJ/Q7pT4wyEOGl32rTRMv780zdzBIb9giOVTU4j4acpA== Completed in 29ms
250 timing metavuln:cache:get:security-advisory:basic-ftp:Xm5K4BbE70IJjDMXQ98Fbd+dQn5JVUkzo9rBjpBNhXf1r9+QHKyPPPe7K80fDVwNYVs6dhe7KPuGl8CIHjFg6w== Completed in 29ms
251 timing metavuln:cache:get:security-advisory:basic-ftp:dwgcsujhz5E4o162n5FcYkiUltc7EZwPMDvZGSl61ZbkbeSuMouqA8yQAXEvxv4X8oFUZK0HCwnLBiAckkCl8Q== Completed in 29ms
252 timing metavuln:cache:get:security-advisory:extract-zip:jSWTM56amLotlEyQMMBsw92Q/clAh5dhlOjtFhHsq98TlvN8hzenDvvOxc3tJgHR5Vqi7ZygoBhGke/CFd+aVg== Completed in 29ms
253 timing metavuln:cache:get:security-advisory:extract-zip:5PFZQI8MKk12bR/YK/ZVnUmDiH8J19S/dbxvcq6MnKcd40s7jQdQeJZjIR3e3QxohW1CAyHmvPolG6tuD2vnrA== Completed in 22ms
254 timing metavuln:cache:get:security-advisory:ip-address:JagRJ/jzi+hKfT9wwia4ZBLD59vjtPACLl+Z3zhrC+8zTljlC7S7d5t68wAVLZOwEIznyIrsv2WhfUc2gH+cEg== Completed in 22ms
255 timing metavuln:cache:get:security-advisory:js-yaml:621IdjBdZEeVoUcjWGl1jXN0jFDGaf7dIQMeaPVKf5MxqYprJztiOC0OHOUPVoayh7Cq/fTC8L5CqEb98qlE7w== Completed in 20ms
256 timing metavuln:cache:get:security-advisory:js-yaml:hRHUgW0MJiPqjWt2sUfet2EYlqoE1gaxACC2WErx8y0hzruS4JIdQFSyu03fknqwUeEglYl2LNhb3CLbe1gk7A== Completed in 18ms
257 timing metavuln:cache:get:security-advisory:ip-address:iZ6eqftXQ5U7oxxwm1FqwNnsmmgaiEiPNMWwV0yEYoA92hylUZDRGksj2tTX69LoRE19mpn7CYQC1Yylb7gTNg== Completed in 20ms
258 timing metavuln:cache:get:security-advisory:js-yaml:OUZIQ3PVVGrkuRqB+emtTIY6mY1ZYXKAjty3MEHcLQlklmPh5BstzoMFTWmQmZxuW4bTRahKM6+bAF3EDZo2xw== Completed in 18ms
259 timing metavuln:cache:get:security-advisory:js-yaml:4JRmIWaw7t9g2nj2coc/knMKSpUTTvf6gd7QGFDejryJnGjc+YeBUVzshR5afcQZnuPyYGRjBRxydkQEqdhtbQ== Completed in 19ms
260 timing metavuln:cache:get:security-advisory:js-yaml:rPKItsey5NAOkwlZ0jj/srGDfex3lM3kc0Jt/iKDQKxrLExmxBPfiHEGSGFS11EIIZ9oWm9Jw3K50YZA6kxidg== Completed in 18ms
261 timing metavuln:cache:get:security-advisory:tar-fs:lfVnxIEXtxFrrw8msCJ2KKW94ZKO5ug5zCelMM/mLzVYoa2FDeP10DtXjm7MPf5RoPC0G7RMGL4Njf3Qm6oAoA== Completed in 17ms
262 timing metavuln:cache:get:security-advisory:tar-fs:QYnG1CC8+NN+TqmWQx3aHBnBQ9p/MAbw4I0l+gnlj2PZN7hy3FLfaWP6JdJJmUCn32+BftZCVifrkSu2nK39jQ== Completed in 19ms
263 timing metavuln:cache:get:security-advisory:tar-fs:KfSIEBXTCgWMFKC8B6Ksr2lGcBoxYfqZYZdW7gD6YmYHmfY9yzqONXKd7VyQQePL5rvYDxjrjqU0VlRARhMrsg== Completed in 17ms
264 timing metavuln:cache:get:security-advisory:ws:Gibcit29n/ogkeUBgZ01NX6U+jY3Zp1E0iGdto646j72OVuTsI1GTUWZzCtx3XwMU+kaOMlk+m0bDbRGj4Ruuw== Completed in 17ms
265 timing metavuln:cache:get:security-advisory:ws:riCaqXeEj3LGJHsuDUezanD1igwJ1gD5B0Z0jDf8slGSkFNcUxH/yz4/VwuWsi+XAx/SPZKMWI5kAltGWYRGUg== Completed in 16ms
266 timing metavuln:cache:get:security-advisory:ws:FCiq93wPa5YIRoC+osxDM6AqlUQalSrMxM3xxzdzdy9dCvEbzaPVIuWaJi1l/8fX8Bq49JKEKJAZocgF236GuA== Completed in 17ms
267 http fetch GET 200 https://registry.npmjs.org/ws 33ms (cache hit)
268 timing metavuln:packument:ws Completed in 37ms
269 timing metavuln:load:security-advisory:ws:1118728 Completed in 3ms
270 timing metavuln:calculate:security-advisory:ws:1118728 Completed in 40ms
271 timing metavuln:load:security-advisory:ws:1119108 Completed in 2ms
272 timing metavuln:calculate:security-advisory:ws:1119108 Completed in 41ms
273 timing metavuln:load:security-advisory:ws:1123259 Completed in 1ms
274 timing metavuln:calculate:security-advisory:ws:1123259 Completed in 43ms
275 http fetch GET 200 https://registry.npmjs.org/extract-zip 52ms (cache hit)
276 timing metavuln:packument:extract-zip Completed in 59ms
277 timing metavuln:load:security-advisory:extract-zip:1139346 Completed in 0ms
278 timing metavuln:calculate:security-advisory:extract-zip:1139346 Completed in 59ms
279 timing metavuln:load:security-advisory:extract-zip:1193685 Completed in 0ms
280 timing metavuln:calculate:security-advisory:extract-zip:1193685 Completed in 53ms
281 http fetch GET 200 https://registry.npmjs.org/basic-ftp 63ms (cache hit)
282 timing metavuln:packument:basic-ftp Completed in 68ms
283 timing metavuln:load:security-advisory:basic-ftp:1118825 Completed in 1ms
284 timing metavuln:calculate:security-advisory:basic-ftp:1118825 Completed in 70ms
285 timing metavuln:load:security-advisory:basic-ftp:1113518 Completed in 1ms
286 timing metavuln:calculate:security-advisory:basic-ftp:1113518 Completed in 68ms
287 timing metavuln:load:security-advisory:basic-ftp:1116454 Completed in 1ms
288 timing metavuln:calculate:security-advisory:basic-ftp:1116454 Completed in 69ms
289 timing metavuln:load:security-advisory:basic-ftp:1117083 Completed in 3ms
290 timing metavuln:calculate:security-advisory:basic-ftp:1117083 Completed in 73ms
291 http fetch GET 200 https://registry.npmjs.org/ip-address 66ms (cache hit)
292 timing metavuln:packument:ip-address Completed in 72ms
293 timing metavuln:load:security-advisory:ip-address:1118827 Completed in 1ms
294 timing metavuln:calculate:security-advisory:ip-address:1118827 Completed in 73ms
295 timing metavuln:load:security-advisory:ip-address:1130722 Completed in 2ms
296 timing metavuln:calculate:security-advisory:ip-address:1130722 Completed in 73ms
297 http fetch GET 200 https://registry.npmjs.org/js-yaml 77ms (cache hit)
298 timing metavuln:packument:js-yaml Completed in 81ms
299 timing metavuln:load:security-advisory:js-yaml:1112715 Completed in 1ms
300 timing metavuln:calculate:security-advisory:js-yaml:1112715 Completed in 82ms
301 timing metavuln:load:security-advisory:js-yaml:1121860 Completed in 0ms
302 timing metavuln:calculate:security-advisory:js-yaml:1121860 Completed in 80ms
303 timing metavuln:load:security-advisory:js-yaml:1123911 Completed in 1ms
304 timing metavuln:calculate:security-advisory:js-yaml:1123911 Completed in 81ms
305 timing metavuln:load:security-advisory:js-yaml:1138115 Completed in 0ms
306 timing metavuln:calculate:security-advisory:js-yaml:1138115 Completed in 80ms
307 timing metavuln:load:security-advisory:js-yaml:1193727 Completed in 1ms
308 timing metavuln:calculate:security-advisory:js-yaml:1193727 Completed in 81ms
309 http fetch GET 200 https://registry.npmjs.org/tar-fs 80ms (cache hit)
310 timing metavuln:packument:tar-fs Completed in 82ms
311 timing metavuln:load:security-advisory:tar-fs:1109534 Completed in 0ms
312 timing metavuln:calculate:security-advisory:tar-fs:1109534 Completed in 83ms
313 timing metavuln:load:security-advisory:tar-fs:1109542 Completed in 0ms
314 timing metavuln:calculate:security-advisory:tar-fs:1109542 Completed in 82ms
315 timing metavuln:load:security-advisory:tar-fs:1109551 Completed in 1ms
316 timing metavuln:calculate:security-advisory:tar-fs:1109551 Completed in 82ms
317 timing metavuln:cache:get:security-advisory:get-uri:gV6dDxXN8aJi6iE17/ZLXAcSs7YaTVJynK0OQ/xCF4GVi55W8ADMu7VAxl5kpQG6dE8UoSH0NsfsA6+X5PGSwQ== Completed in 4ms
318 http fetch GET 200 https://registry.npmjs.org/get-uri 6ms (cache hit)
319 timing metavuln:packument:get-uri Completed in 8ms
320 timing metavuln:load:security-advisory:get-uri:1PRVnmGNL8rYZpgZAvyPH2nvFd6p8UYB63Bl4yML0P5I4/BEia9ZT0oQKzvYVTM8w+OmHxe2obrZLSbgAdJHxg== Completed in 0ms
321 timing metavuln:calculate:security-advisory:get-uri:1PRVnmGNL8rYZpgZAvyPH2nvFd6p8UYB63Bl4yML0P5I4/BEia9ZT0oQKzvYVTM8w+OmHxe2obrZLSbgAdJHxg== Completed in 9ms
322 timing metavuln:cache:get:security-advisory:@puppeteer/browsers:dNQPCoOsSEByWIfcjTGAWZlLVMxLCcVmjdr+A5f9WYHMrxMe4/OEKH7/BF4Px6wv/yxxMTGkgJCmPKna3DHTqg== Completed in 4ms
323 http fetch GET 200 https://registry.npmjs.org/@puppeteer%2fbrowsers 7ms (cache hit)
324 timing metavuln:packument:@puppeteer/browsers Completed in 11ms
325 timing metavuln:load:security-advisory:@puppeteer/browsers:jSWTM56amLotlEyQMMBsw92Q/clAh5dhlOjtFhHsq98TlvN8hzenDvvOxc3tJgHR5Vqi7ZygoBhGke/CFd+aVg== Completed in 1ms
326 timing metavuln:calculate:security-advisory:@puppeteer/browsers:jSWTM56amLotlEyQMMBsw92Q/clAh5dhlOjtFhHsq98TlvN8hzenDvvOxc3tJgHR5Vqi7ZygoBhGke/CFd+aVg== Completed in 13ms
327 timing metavuln:cache:get:security-advisory:socks:P58w5lgIiKQWFXUuIoVnI+Zdh3JZloD+AH1iqnW4QQYq5M4adqsx/pezF6SGQ5LAy3610gbA9jLWWgcovN1DLA== Completed in 13ms
328 http fetch GET 200 https://registry.npmjs.org/socks 15ms (cache hit)
329 timing metavuln:packument:socks Completed in 19ms
330 timing metavuln:load:security-advisory:socks:JagRJ/jzi+hKfT9wwia4ZBLD59vjtPACLl+Z3zhrC+8zTljlC7S7d5t68wAVLZOwEIznyIrsv2WhfUc2gH+cEg== Completed in 1ms
331 timing metavuln:calculate:security-advisory:socks:JagRJ/jzi+hKfT9wwia4ZBLD59vjtPACLl+Z3zhrC+8zTljlC7S7d5t68wAVLZOwEIznyIrsv2WhfUc2gH+cEg== Completed in 20ms
332 timing metavuln:cache:get:security-advisory:cosmiconfig:9tECRM2wymvypUJjywoLhKBxmvKFXqN2QTDVg2B4+6a/esGzYSDRLkNtxhg7/ZKH6dF0kD03ilqxpP5Mzp6F5w== Completed in 4ms
333 http fetch GET 200 https://registry.npmjs.org/cosmiconfig 7ms (cache hit)
334 timing metavuln:packument:cosmiconfig Completed in 12ms
335 timing metavuln:load:security-advisory:cosmiconfig:621IdjBdZEeVoUcjWGl1jXN0jFDGaf7dIQMeaPVKf5MxqYprJztiOC0OHOUPVoayh7Cq/fTC8L5CqEb98qlE7w== Completed in 0ms
336 timing metavuln:calculate:security-advisory:cosmiconfig:621IdjBdZEeVoUcjWGl1jXN0jFDGaf7dIQMeaPVKf5MxqYprJztiOC0OHOUPVoayh7Cq/fTC8L5CqEb98qlE7w== Completed in 12ms
337 timing metavuln:cache:get:security-advisory:@puppeteer/browsers:rNnYse+GiaEbBxoZEZIS6eKwbcXXDy/koXYouagomDT7Tm8wLxTAVinu0yUej4GWZp7TU+Xi/Q0GyzWLD6iIsA== Completed in 2ms
338 timing metavuln:load:security-advisory:@puppeteer/browsers:QYnG1CC8+NN+TqmWQx3aHBnBQ9p/MAbw4I0l+gnlj2PZN7hy3FLfaWP6JdJJmUCn32+BftZCVifrkSu2nK39jQ== Completed in 1ms
339 timing metavuln:calculate:security-advisory:@puppeteer/browsers:QYnG1CC8+NN+TqmWQx3aHBnBQ9p/MAbw4I0l+gnlj2PZN7hy3FLfaWP6JdJJmUCn32+BftZCVifrkSu2nK39jQ== Completed in 3ms
340 timing metavuln:packument:puppeteer-core Completed in 0ms
341 timing metavuln:cache:get:security-advisory:puppeteer-core:Eaz6oaMEQHYKwR/oUNCRGOo99necQCW2NxgNPj+xi3VcLN8l0dknW7b9CClHVms2UsWSgvlk2xgfHW/zyMAmAg== Completed in 3ms
342 timing metavuln:load:security-advisory:puppeteer-core:Gibcit29n/ogkeUBgZ01NX6U+jY3Zp1E0iGdto646j72OVuTsI1GTUWZzCtx3XwMU+kaOMlk+m0bDbRGj4Ruuw== Completed in 4ms
343 timing metavuln:calculate:security-advisory:puppeteer-core:Gibcit29n/ogkeUBgZ01NX6U+jY3Zp1E0iGdto646j72OVuTsI1GTUWZzCtx3XwMU+kaOMlk+m0bDbRGj4Ruuw== Completed in 7ms
344 timing metavuln:packument:puppeteer Completed in 1ms
345 timing metavuln:cache:get:security-advisory:puppeteer:ae0Oj38StPAfHMb3cuBukB6EqPZufezQWbq7R33GOq8nFp5qvGbWedgbQI7cHG/T+vU/qwFZtzS+xdq50ovLAg== Completed in 6ms
346 timing metavuln:load:security-advisory:puppeteer:dNQPCoOsSEByWIfcjTGAWZlLVMxLCcVmjdr+A5f9WYHMrxMe4/OEKH7/BF4Px6wv/yxxMTGkgJCmPKna3DHTqg== Completed in 18ms
347 timing metavuln:calculate:security-advisory:puppeteer:dNQPCoOsSEByWIfcjTGAWZlLVMxLCcVmjdr+A5f9WYHMrxMe4/OEKH7/BF4Px6wv/yxxMTGkgJCmPKna3DHTqg== Completed in 25ms
348 timing metavuln:cache:get:security-advisory:puppeteer-core:g3MqsvnKagHJgHEVgR7yVrwnEeJN8jed/dyLwJOFwE04dtey4L3lA4zfHoDf27q+yE+pulc4C6l+JnFtvYmVgQ== Completed in 25ms
349 timing metavuln:load:security-advisory:puppeteer-core:dNQPCoOsSEByWIfcjTGAWZlLVMxLCcVmjdr+A5f9WYHMrxMe4/OEKH7/BF4Px6wv/yxxMTGkgJCmPKna3DHTqg== Completed in 3ms
350 timing metavuln:calculate:security-advisory:puppeteer-core:dNQPCoOsSEByWIfcjTGAWZlLVMxLCcVmjdr+A5f9WYHMrxMe4/OEKH7/BF4Px6wv/yxxMTGkgJCmPKna3DHTqg== Completed in 28ms
351 timing metavuln:cache:get:security-advisory:socks-proxy-agent:Bm5Ee2/tKkD/H5j5PuJ4b9Y5lk/ky95iTGURcLCsRgcHcbY/cVP4+Ro0WlhfOwRDZwp5kLieveRc88UZha7Wog== Completed in 4ms
352 http fetch GET 200 https://registry.npmjs.org/socks-proxy-agent 6ms (cache hit)
353 timing metavuln:packument:socks-proxy-agent Completed in 9ms
354 timing metavuln:load:security-advisory:socks-proxy-agent:P58w5lgIiKQWFXUuIoVnI+Zdh3JZloD+AH1iqnW4QQYq5M4adqsx/pezF6SGQ5LAy3610gbA9jLWWgcovN1DLA== Completed in 1ms
355 timing metavuln:calculate:security-advisory:socks-proxy-agent:P58w5lgIiKQWFXUuIoVnI+Zdh3JZloD+AH1iqnW4QQYq5M4adqsx/pezF6SGQ5LAy3610gbA9jLWWgcovN1DLA== Completed in 10ms
356 timing metavuln:packument:puppeteer-extra Completed in 0ms
357 timing metavuln:cache:get:security-advisory:puppeteer:MBumWqF91xtNi5RN+Emd4UR6agKjHO5q27cYmMj/42WI6gKnl9lqHkJz6QYkkIwtyFr1UT6jQpFrlKQ6l6GPVQ== Completed in 3ms
358 timing metavuln:load:security-advisory:puppeteer:Eaz6oaMEQHYKwR/oUNCRGOo99necQCW2NxgNPj+xi3VcLN8l0dknW7b9CClHVms2UsWSgvlk2xgfHW/zyMAmAg== Completed in 11ms
359 timing metavuln:calculate:security-advisory:puppeteer:Eaz6oaMEQHYKwR/oUNCRGOo99necQCW2NxgNPj+xi3VcLN8l0dknW7b9CClHVms2UsWSgvlk2xgfHW/zyMAmAg== Completed in 14ms
360 timing metavuln:cache:get:security-advisory:puppeteer-extra:7lXgLBKWghEgs4zpKVjqfQxExB2Xr3xSh24Oixz9P0ZBZgzCe1sDOQrSbPyObCoNkMWlBUlv8DlUWChaDIvYwg== Completed in 15ms
361 timing metavuln:load:security-advisory:puppeteer-extra:Eaz6oaMEQHYKwR/oUNCRGOo99necQCW2NxgNPj+xi3VcLN8l0dknW7b9CClHVms2UsWSgvlk2xgfHW/zyMAmAg== Completed in 0ms
362 timing metavuln:calculate:security-advisory:puppeteer-extra:Eaz6oaMEQHYKwR/oUNCRGOo99necQCW2NxgNPj+xi3VcLN8l0dknW7b9CClHVms2UsWSgvlk2xgfHW/zyMAmAg== Completed in 15ms
363 timing metavuln:cache:get:security-advisory:puppeteer-extra:Sr/IDylvzRVGbDpWDncpDPR5EHS6JDFW352m2oljlqy2JbE4k8121g2lESn3n1yxcaNrpL5zi017a6wJ4z+K9A== Completed in 4ms
364 timing metavuln:load:security-advisory:puppeteer-extra:ae0Oj38StPAfHMb3cuBukB6EqPZufezQWbq7R33GOq8nFp5qvGbWedgbQI7cHG/T+vU/qwFZtzS+xdq50ovLAg== Completed in 0ms
365 timing metavuln:calculate:security-advisory:puppeteer-extra:ae0Oj38StPAfHMb3cuBukB6EqPZufezQWbq7R33GOq8nFp5qvGbWedgbQI7cHG/T+vU/qwFZtzS+xdq50ovLAg== Completed in 6ms
366 timing auditReport:init Completed in 304ms
367 timing reify:audit Completed in 826ms
368 timing reify Completed in 2078ms
369 timing command:install Completed in 2161ms
370 verbose exit 0
371 timing npm Completed in 2675ms
372 info ok
